Collecting face_recognition==1.3.0
  Downloading face_recognition-1.3.0-py2.py3-none-any.whl.metadata (21 kB)
Collecting face_recognition_models==0.3.0
  Downloading face_recognition_models-0.3.0.tar.gz (100.1 MB)
     --------------------------------------- 100.1/100.1 MB 162.3 kB/s  0:08:14
  Installing build dependencies: started
  Installing build dependencies: finished with status 'done'
  Getting requirements to build wheel: started
  Getting requirements to build wheel: finished with status 'done'
  Preparing metadata (pyproject.toml): started
  Preparing metadata (pyproject.toml): finished with status 'done'
Downloading face_recognition-1.3.0-py2.py3-none-any.whl (15 kB)
Building wheels for collected packages: face_recognition_models
  Building wheel for face_recognition_models (pyproject.toml): started
  Building wheel for face_recognition_models (pyproject.toml): finished with status 'done'
  Created wheel for face_recognition_models: filename=face_recognition_models-0.3.0-py2.py3-none-any.whl size=100566259 sha256=bd2c73178ff03541e9d5ed6c324a85aac0046487de81f3a152d4fae555ef8e2e
  Stored in directory: C:\Users\Administrator\AppData\Local\Temp\pip-ephem-wheel-cache-tc0z9keg\wheels\8f\47\c8\f44c5aebb7507f7c8a2c0bd23151d732d0f0bd6884ad4ac635
Successfully built face_recognition_models
Installing collected packages: face_recognition_models, face_recognition

Successfully installed face_recognition-1.3.0 face_recognition_models-0.3.0
